[2026-08-16 16:55:48.402] [info] [core] [t13148] hexic_hd starting
[2026-08-16 16:55:48.402] [info] [core] [t13148]   Game directory: C:\Users\AleemB\Downloads\Hexic_HD_Extraido
[2026-08-16 16:55:48.402] [info] [core] [t13148]   User data:      C:\Users\AleemB\Documents\hexic_hd
[2026-08-16 16:55:48.402] [info] [core] [t13148]   Cache root:     C:\Users\AleemB\Documents\hexic_hd\cache
[2026-08-16 16:55:48.403] [info] [sys] [t13148] GPU plugin 'xenos' loaded (rexgpu-xenosrd.dll)
[2026-08-16 16:55:48.419] [info] [gpu] [t13148] DXGI adapter: AMD Radeon(TM) Graphics (vendor 0x1002, device 0x1638)
[2026-08-16 16:55:48.489] [info] [gpu] [t13148] Direct3D 12 device and OS features:
* Max GPU virtual address bits per resource: 44
* Non-zeroed heap creation: yes
* Pixel-shader-specified stencil reference: yes
* Programmable sample positions: tier 2
* Rasterizer-ordered views: yes
* Resource binding: tier 3
* Tiled resources: tier 3
* Unaligned block-compressed textures: yes
[2026-08-16 16:55:48.561] [info] [sys] [t13148] FunctionDispatcher initialized
[2026-08-16 16:55:48.561] [info] [core] [t13148] SDL: Using version 3.5.0
[2026-08-16 16:55:48.561] [info] [core] [t13148] MnK input driver initialized
[2026-08-16 16:55:48.561] [info] [sys] [t13148] Input system initialized
[2026-08-16 16:55:48.599] [info] [sys] [t9348] XThread::Execute thid 1 (handle=F8000010, 'XMA Decoder (F8000010)', native=00002484, <host>)
[2026-08-16 16:55:48.599] [info] [sys] [t13148] Audio system initialized
[2026-08-16 16:55:48.599] [info] [sys] [t1400] XThread::Execute thid 2 (handle=F8000014, 'Audio Worker (F8000014)', native=00000578, <host>)
[2026-08-16 16:55:48.599] [info] [sys] [t13148]   Mounted C:\Users\AleemB\Downloads\Hexic_HD_Extraido at \Device\Harddisk0\Partition1
[2026-08-16 16:55:48.599] [info] [sys] [t1348] XThread::Execute thid 3 (handle=F8000018, 'GPU Commands (F8000018)', native=00000544, <host>)
[2026-08-16 16:55:48.599] [info] [sys] [t13148] GPU system initialized (presentation=true)
[2026-08-16 16:55:48.599] [info] [sys] [t13148] Runtime initialized successfully
[2026-08-16 16:55:48.600] [info] [sys] [t2720] XThread::Execute thid 4 (handle=F800001C, 'GPU VSync (F800001C)', native=00000AA0, <host>)
[2026-08-16 16:55:48.601] [info] [core] [t13148] Function table initialized for module: code=9204E000-9224F91C, image=92000000-922A5000
[2026-08-16 16:55:48.626] [warning] [core] [t13148] SDL GameControllerDB: file 'gamecontrollerdb.txt' does not exist.
[2026-08-16 16:55:48.626] [info] [core] [t13148] SDL input driver initialized successfully
[2026-08-16 16:55:48.626] [info] [sys] [t13148] Loading XEX image: game:\default.xex
[2026-08-16 16:55:48.649] [info] [sys] [t13148] Achievement store: loaded 12 entries
[2026-08-16 16:55:48.649] [info] [sys] [t7344] XThread::Execute thid 5 (handle=F8000024, 'Kernel Dispatch (F8000024)', native=00001CB0, <host>)
[2026-08-16 16:55:48.652] [info] [sys] [t13148] KernelState: Preparing module launch...
[2026-08-16 16:55:48.652] [info] [core] [t13148] Initializing shader storage for title 584107D1...
[2026-08-16 16:55:48.656] [info] [gpu] [t1348] Translated 2 shaders from the storage in 0 milliseconds
[2026-08-16 16:55:48.657] [info] [gpu] [t1348] Created 1 graphics pipelines (not including reading the descriptions) from the storage in 0 milliseconds
[2026-08-16 16:55:48.658] [info] [gpu] [t2192] SetInterruptCallback(9209EC10, 40001600)
[2026-08-16 16:55:48.658] [warning] [krnl] [t2192] __imp__KeSetPriorityThread STUB
