[2026-08-16 16:47:22.187] [info] [core] [t15624] hexic_hd starting
[2026-08-16 16:47:22.187] [info] [core] [t15624]   Game directory: C:\Users\AleemB\Downloads\Hexic_HD_Extraido
[2026-08-16 16:47:22.187] [info] [core] [t15624]   User data:      C:\Users\AleemB\Documents\hexic_hd
[2026-08-16 16:47:22.187] [info] [core] [t15624]   Cache root:     C:\Users\AleemB\Documents\hexic_hd\cache
[2026-08-16 16:47:22.188] [info] [sys] [t15624] GPU plugin 'xenos' loaded (rexgpu-xenos.dll)
[2026-08-16 16:47:22.203] [info] [gpu] [t15624] DXGI adapter: AMD Radeon(TM) Graphics (vendor 0x1002, device 0x1638)
[2026-08-16 16:47:22.270] [info] [gpu] [t15624] Direct3D 12 device and OS features:
* Max GPU virtual address bits per resource: 44
* Non-zeroed heap creation: yes
* Pixel-shader-specified stencil reference: yes
* Programmable sample positions: tier 2
* Rasterizer-ordered views: yes
* Resource binding: tier 3
* Tiled resources: tier 3
* Unaligned block-compressed textures: yes
[2026-08-16 16:47:22.338] [info] [sys] [t15624] FunctionDispatcher initialized
[2026-08-16 16:47:22.338] [info] [core] [t15624] SDL: Using version 3.5.0
[2026-08-16 16:47:22.338] [info] [core] [t15624] MnK input driver initialized
[2026-08-16 16:47:22.338] [info] [sys] [t15624] Input system initialized
[2026-08-16 16:47:22.371] [info] [sys] [t15624] Audio system initialized
[2026-08-16 16:47:22.371] [info] [sys] [t13596] XThread::Execute thid 1 (handle=F8000010, 'XMA Decoder (F8000010)', native=0000351C, <host>)
[2026-08-16 16:47:22.371] [info] [sys] [t2116] XThread::Execute thid 2 (handle=F8000014, 'Audio Worker (F8000014)', native=00000844, <host>)
[2026-08-16 16:47:22.372] [info] [sys] [t15624]   Mounted C:\Users\AleemB\Downloads\Hexic_HD_Extraido at \Device\Harddisk0\Partition1
[2026-08-16 16:47:22.372] [info] [sys] [t10972] XThread::Execute thid 3 (handle=F8000018, 'GPU Commands (F8000018)', native=00002ADC, <host>)
[2026-08-16 16:47:22.372] [info] [sys] [t15624] GPU system initialized (presentation=true)
[2026-08-16 16:47:22.372] [info] [sys] [t15624] Runtime initialized successfully
[2026-08-16 16:47:22.373] [info] [sys] [t5300] XThread::Execute thid 4 (handle=F800001C, 'GPU VSync (F800001C)', native=000014B4, <host>)
[2026-08-16 16:47:22.373] [info] [core] [t15624] Function table initialized for module: code=9204E000-9224F91C, image=92000000-922A5000
[2026-08-16 16:47:22.398] [warning] [core] [t15624] SDL GameControllerDB: file 'gamecontrollerdb.txt' does not exist.
[2026-08-16 16:47:22.398] [info] [core] [t15624] SDL input driver initialized successfully
[2026-08-16 16:47:22.398] [info] [sys] [t15624] Loading XEX image: game:\default.xex
[2026-08-16 16:47:22.420] [info] [sys] [t15624] Achievement store: loaded 12 entries
[2026-08-16 16:47:22.420] [info] [sys] [t3572] XThread::Execute thid 5 (handle=F8000024, 'Kernel Dispatch (F8000024)', native=00000DF4, <host>)
[2026-08-16 16:47:22.423] [info] [sys] [t15624] KernelState: Preparing module launch...
[2026-08-16 16:47:22.423] [info] [core] [t15624] Initializing shader storage for title 584107D1...
[2026-08-16 16:47:22.426] [info] [gpu] [t10972] Translated 2 shaders from the storage in 0 milliseconds
[2026-08-16 16:47:22.427] [info] [gpu] [t10972] Created 1 graphics pipelines (not including reading the descriptions) from the storage in 0 milliseconds
[2026-08-16 16:47:22.428] [info] [gpu] [t4052] SetInterruptCallback(9209EC10, 40001600)
[2026-08-16 16:47:22.429] [warning] [krnl] [t4052] __imp__KeSetPriorityThread STUB
