[2026-08-16 16:57:58.062] [info] [core] [t12880] hexic_hd starting
[2026-08-16 16:57:58.062] [info] [core] [t12880]   Game directory: C:\Users\AleemB\Downloads\Hexic_HD_Extraido
[2026-08-16 16:57:58.062] [info] [core] [t12880]   User data:      C:\Users\AleemB\Documents\hexic_hd
[2026-08-16 16:57:58.062] [info] [core] [t12880]   Cache root:     C:\Users\AleemB\Documents\hexic_hd\cache
[2026-08-16 16:57:58.063] [info] [sys] [t12880] GPU plugin 'xenos' loaded (rexgpu-xenosrd.dll)
[2026-08-16 16:57:58.090] [info] [gpu] [t12880] DXGI adapter: AMD Radeon(TM) Graphics (vendor 0x1002, device 0x1638)
[2026-08-16 16:57:58.157] [info] [gpu] [t12880] Direct3D 12 device and OS features:
* Max GPU virtual address bits per resource: 44
* Non-zeroed heap creation: yes
* Pixel-shader-specified stencil reference: yes
* Programmable sample positions: tier 2
* Rasterizer-ordered views: yes
* Resource binding: tier 3
* Tiled resources: tier 3
* Unaligned block-compressed textures: yes
[2026-08-16 16:57:58.262] [info] [sys] [t12880] FunctionDispatcher initialized
[2026-08-16 16:57:58.262] [info] [core] [t12880] SDL: Using version 3.5.0
[2026-08-16 16:57:58.262] [info] [core] [t12880] MnK input driver initialized
[2026-08-16 16:57:58.262] [info] [sys] [t12880] Input system initialized
[2026-08-16 16:57:58.297] [info] [sys] [t12880] Audio system initialized
[2026-08-16 16:57:58.297] [info] [sys] [t3148] XThread::Execute thid 1 (handle=F8000010, 'XMA Decoder (F8000010)', native=00000C4C, <host>)
[2026-08-16 16:57:58.297] [info] [sys] [t13640] XThread::Execute thid 2 (handle=F8000014, 'Audio Worker (F8000014)', native=00003548, <host>)
[2026-08-16 16:57:58.297] [info] [sys] [t12880]   Mounted C:\Users\AleemB\Downloads\Hexic_HD_Extraido at \Device\Harddisk0\Partition1
[2026-08-16 16:57:58.297] [info] [sys] [t4036] XThread::Execute thid 3 (handle=F8000018, 'GPU Commands (F8000018)', native=00000FC4, <host>)
[2026-08-16 16:57:58.297] [info] [sys] [t12880] GPU system initialized (presentation=true)
[2026-08-16 16:57:58.297] [info] [sys] [t12880] Runtime initialized successfully
[2026-08-16 16:57:58.298] [info] [sys] [t6604] XThread::Execute thid 4 (handle=F800001C, 'GPU VSync (F800001C)', native=000019CC, <host>)
[2026-08-16 16:57:58.299] [info] [core] [t12880] Function table initialized for module: code=9204E000-9224F91C, image=92000000-922A5000
[2026-08-16 16:57:58.324] [warning] [core] [t12880] SDL GameControllerDB: file 'gamecontrollerdb.txt' does not exist.
[2026-08-16 16:57:58.324] [info] [core] [t12880] SDL input driver initialized successfully
[2026-08-16 16:57:58.324] [info] [sys] [t12880] Loading XEX image: game:\default.xex
[2026-08-16 16:57:58.346] [info] [sys] [t12880] Achievement store: loaded 12 entries
[2026-08-16 16:57:58.346] [info] [sys] [t12344] XThread::Execute thid 5 (handle=F8000024, 'Kernel Dispatch (F8000024)', native=00003038, <host>)
[2026-08-16 16:57:58.348] [info] [sys] [t12880] KernelState: Preparing module launch...
[2026-08-16 16:57:58.348] [info] [core] [t12880] Initializing shader storage for title 584107D1...
[2026-08-16 16:57:58.350] [info] [gpu] [t4036] Translated 2 shaders from the storage in 0 milliseconds
[2026-08-16 16:57:58.351] [info] [gpu] [t4036] Created 1 graphics pipelines (not including reading the descriptions) from the storage in 0 milliseconds
[2026-08-16 16:57:58.352] [info] [gpu] [t4368] SetInterruptCallback(9209EC10, 40001600)
[2026-08-16 16:57:58.353] [warning] [krnl] [t4368] __imp__KeSetPriorityThread STUB
