[2026-08-16 16:54:09.964] [info] [core] [t10260] hexic_hd starting
[2026-08-16 16:54:09.965] [info] [core] [t10260]   Game directory: C:\Users\AleemB\Downloads\Hexic_HD_Extraido
[2026-08-16 16:54:09.965] [info] [core] [t10260]   User data:      C:\Users\AleemB\Documents\hexic_hd
[2026-08-16 16:54:09.965] [info] [core] [t10260]   Cache root:     C:\Users\AleemB\Documents\hexic_hd\cache
[2026-08-16 16:54:10.032] [info] [sys] [t10260] GPU plugin 'xenos' loaded (rexgpu-xenosrd.dll)
[2026-08-16 16:54:10.062] [info] [gpu] [t10260] DXGI adapter: AMD Radeon(TM) Graphics (vendor 0x1002, device 0x1638)
[2026-08-16 16:54:10.148] [info] [gpu] [t10260] Direct3D 12 device and OS features:
* Max GPU virtual address bits per resource: 44
* Non-zeroed heap creation: yes
* Pixel-shader-specified stencil reference: yes
* Programmable sample positions: tier 2
* Rasterizer-ordered views: yes
* Resource binding: tier 3
* Tiled resources: tier 3
* Unaligned block-compressed textures: yes
[2026-08-16 16:54:10.218] [info] [sys] [t10260] FunctionDispatcher initialized
[2026-08-16 16:54:10.218] [info] [core] [t10260] SDL: Using version 3.5.0
[2026-08-16 16:54:10.218] [info] [core] [t10260] MnK input driver initialized
[2026-08-16 16:54:10.219] [info] [sys] [t10260] Input system initialized
[2026-08-16 16:54:10.254] [info] [sys] [t10260] Audio system initialized
[2026-08-16 16:54:10.254] [info] [sys] [t15424] XThread::Execute thid 1 (handle=F8000010, 'XMA Decoder (F8000010)', native=00003C40, <host>)
[2026-08-16 16:54:10.254] [info] [sys] [t9088] XThread::Execute thid 2 (handle=F8000014, 'Audio Worker (F8000014)', native=00002380, <host>)
[2026-08-16 16:54:10.255] [info] [sys] [t10260]   Mounted C:\Users\AleemB\Downloads\Hexic_HD_Extraido at \Device\Harddisk0\Partition1
[2026-08-16 16:54:10.255] [info] [sys] [t3828] XThread::Execute thid 3 (handle=F8000018, 'GPU Commands (F8000018)', native=00000EF4, <host>)
[2026-08-16 16:54:10.255] [info] [sys] [t10260] GPU system initialized (presentation=true)
[2026-08-16 16:54:10.255] [info] [sys] [t10260] Runtime initialized successfully
[2026-08-16 16:54:10.256] [info] [sys] [t5000] XThread::Execute thid 4 (handle=F800001C, 'GPU VSync (F800001C)', native=00001388, <host>)
[2026-08-16 16:54:10.257] [info] [core] [t10260] Function table initialized for module: code=9204E000-9224F91C, image=92000000-922A5000
[2026-08-16 16:54:10.282] [warning] [core] [t10260] SDL GameControllerDB: file 'gamecontrollerdb.txt' does not exist.
[2026-08-16 16:54:10.282] [info] [core] [t10260] SDL input driver initialized successfully
[2026-08-16 16:54:10.282] [info] [sys] [t10260] Loading XEX image: game:\default.xex
[2026-08-16 16:54:10.304] [info] [sys] [t10260] Achievement store: loaded 12 entries
[2026-08-16 16:54:10.304] [info] [sys] [t15472] XThread::Execute thid 5 (handle=F8000024, 'Kernel Dispatch (F8000024)', native=00003C70, <host>)
[2026-08-16 16:54:10.308] [info] [sys] [t10260] KernelState: Preparing module launch...
[2026-08-16 16:54:10.308] [info] [core] [t10260] Initializing shader storage for title 584107D1...
[2026-08-16 16:54:10.408] [info] [gpu] [t3828] Translated 2 shaders from the storage in 0 milliseconds
[2026-08-16 16:54:10.410] [info] [gpu] [t3828] Created 1 graphics pipelines (not including reading the descriptions) from the storage in 2 milliseconds
[2026-08-16 16:54:10.412] [info] [gpu] [t1820] SetInterruptCallback(9209EC10, 40001600)
[2026-08-16 16:54:10.413] [warning] [krnl] [t1820] __imp__KeSetPriorityThread STUB
