[2026-08-16 16:46:27.748] [info] [core] [t10556] hexic_hd starting
[2026-08-16 16:46:27.748] [info] [core] [t10556]   Game directory: C:\Users\AleemB\Downloads\Hexic_HD_Extraido
[2026-08-16 16:46:27.748] [info] [core] [t10556]   User data:      C:\Users\AleemB\Documents\hexic_hd
[2026-08-16 16:46:27.748] [info] [core] [t10556]   Cache root:     C:\Users\AleemB\Documents\hexic_hd\cache
[2026-08-16 16:46:27.768] [info] [sys] [t10556] GPU plugin 'xenos' loaded (rexgpu-xenos.dll)
[2026-08-16 16:46:27.814] [debug] [core] [t10556] Failed to load dxcompiler.dll, converted DXIL disassembly for debugging will be unavailable - if needed, download the DirectX Shader Compiler from https://github.com/microsoft/DirectXShaderCompiler/releases and place the DLL in the Xenia directory
[2026-08-16 16:46:28.154] [info] [gpu] [t10556] DXGI adapter: AMD Radeon(TM) Graphics (vendor 0x1002, device 0x1638)
[2026-08-16 16:46:28.703] [info] [gpu] [t10556] Direct3D 12 device and OS features:
* Max GPU virtual address bits per resource: 44
* Non-zeroed heap creation: yes
* Pixel-shader-specified stencil reference: yes
* Programmable sample positions: tier 2
* Rasterizer-ordered views: yes
* Resource binding: tier 3
* Tiled resources: tier 3
* Unaligned block-compressed textures: yes
[2026-08-16 16:46:29.057] [debug] [sys] [t10556] Installed MMIO handler for physical address translation
[2026-08-16 16:46:29.057] [info] [sys] [t10556] FunctionDispatcher initialized
[2026-08-16 16:46:29.057] [info] [core] [t10556] SDL: Using version 3.5.0
[2026-08-16 16:46:29.057] [info] [core] [t10556] MnK input driver initialized
[2026-08-16 16:46:29.057] [info] [sys] [t10556] Input system initialized
[2026-08-16 16:46:29.059] [debug] [apu] [t10556] XMA: Registered MMIO handlers at 0x7FEA0000-0x7FEAFFFF
[2026-08-16 16:46:29.096] [info] [sys] [t10556] Audio system initialized
[2026-08-16 16:46:29.096] [info] [sys] [t8984] XThread::Execute thid 1 (handle=F8000010, 'XMA Decoder (F8000010)', native=00002318, <host>)
[2026-08-16 16:46:29.096] [info] [sys] [t7908] XThread::Execute thid 2 (handle=F8000014, 'Audio Worker (F8000014)', native=00001EE4, <host>)
[2026-08-16 16:46:29.096] [info] [sys] [t10556]   Mounted C:\Users\AleemB\Downloads\Hexic_HD_Extraido at \Device\Harddisk0\Partition1
[2026-08-16 16:46:29.096] [debug] [fs] [t10556] Registered symbolic link: game: => \Device\Harddisk0\Partition1
[2026-08-16 16:46:29.096] [debug] [fs] [t10556] Registered symbolic link: d: => \Device\Harddisk0\Partition1
[2026-08-16 16:46:29.096] [debug] [sys] [t10556]   Registered symbolic links: game:, d:
[2026-08-16 16:46:29.096] [debug] [sys] [t10556]   Registered NullDevice for \Device\Harddisk0\{{Partition0,Cache0,Cache1}}
[2026-08-16 16:46:29.097] [info] [sys] [t8352] XThread::Execute thid 3 (handle=F8000018, 'GPU Commands (F8000018)', native=000020A0, <host>)
[2026-08-16 16:46:29.097] [info] [sys] [t10556] GPU system initialized (presentation=true)
[2026-08-16 16:46:29.097] [info] [sys] [t10556] Runtime initialized successfully
[2026-08-16 16:46:29.097] [debug] [sys] [t10556] Initializing function table at 922A5000, size 00423238 for code 9204E000-9224F91C (+00010000 thunk reserve)
[2026-08-16 16:46:29.098] [info] [sys] [t10964] XThread::Execute thid 4 (handle=F800001C, 'GPU VSync (F800001C)', native=00002AD4, <host>)
[2026-08-16 16:46:29.098] [info] [core] [t10556] Function table initialized for module: code=9204E000-9224F91C, image=92000000-922A5000
[2026-08-16 16:46:29.100] [debug] [sys] [t10556] Registered 7508 recompiled functions (0 duplicates, 0 rejected)
[2026-08-16 16:46:29.100] [debug] [sys] [t10556] Runtime setup complete (code: 9204E000-9224F91C, image: 92000000-922A5000)
[2026-08-16 16:46:29.124] [warning] [core] [t10556] SDL GameControllerDB: file 'gamecontrollerdb.txt' does not exist.
[2026-08-16 16:46:29.124] [info] [core] [t10556] SDL input driver initialized successfully
[2026-08-16 16:46:29.124] [info] [sys] [t10556] Loading XEX image: game:\default.xex
[2026-08-16 16:46:29.149] [debug] [fs] [t10556] VFS: entry not found for '\Device\Harddisk0\Partition1\default.xexp' on device '\Device\Harddisk0\Partition1'
[2026-08-16 16:46:29.149] [debug] [core] [t10556] created symbols for import library xam with 33 imports
[2026-08-16 16:46:29.149] [debug] [core] [t10556] Patched variable import xboxkrnl:0x193 (XexExecutableModuleHandle) -> 0x30006000
[2026-08-16 16:46:29.149] [debug] [core] [t10556] Patched variable import xboxkrnl:0x1ae (ExLoadedCommandLine) -> 0x30008000
[2026-08-16 16:46:29.149] [debug] [core] [t10556] Patched variable import xboxkrnl:0x59 (KeDebugMonitorData) -> 0x30002000
[2026-08-16 16:46:29.149] [debug] [core] [t10556] Patched variable import xboxkrnl:0x1b (ExThreadObjectType) -> 0x30000000
[2026-08-16 16:46:29.149] [debug] [core] [t10556] Patched variable import xboxkrnl:0xad (KeTimeStampBundle) -> 0x3000a000
[2026-08-16 16:46:29.149] [debug] [core] [t10556] Patched variable import xboxkrnl:0x266 (KeCertMonitorData) -> 0x30003000
[2026-08-16 16:46:29.149] [debug] [core] [t10556] Patched variable import xboxkrnl:0x1bf (VdGlobalXamDevice) -> 0xffcad000
[2026-08-16 16:46:29.149] [debug] [core] [t10556] Patched variable import xboxkrnl:0x1be (VdGlobalDevice) -> 0xffcae000
[2026-08-16 16:46:29.149] [debug] [core] [t10556] Patched variable import xboxkrnl:0x1c1 (VdHSIOCalibrationLock) -> 0xffcab000
[2026-08-16 16:46:29.149] [debug] [core] [t10556] Patched variable import xboxkrnl:0x1c0 (VdGpuClockInMHz) -> 0xffcac000
[2026-08-16 16:46:29.149] [debug] [core] [t10556] created symbols for import library xboxkrnl with 142 imports
[2026-08-16 16:46:29.150] [info] [sys] [t10556] Achievement store: loaded 12 entries
[2026-08-16 16:46:29.150] [info] [sys] [t16048] XThread::Execute thid 5 (handle=F8000024, 'Kernel Dispatch (F8000024)', native=00003EB0, <host>)
[2026-08-16 16:46:29.150] [debug] [sys] [t10556]   XEX image loaded successfully
[2026-08-16 16:46:29.162] [info] [sys] [t10556] KernelState: Preparing module launch...
[2026-08-16 16:46:29.162] [debug] [sys] [t10556]   Module prepared on thread ''
[2026-08-16 16:46:29.162] [info] [core] [t10556] Initializing shader storage for title 584107D1...
[2026-08-16 16:46:30.822] [info] [gpu] [t15772] SetInterruptCallback(9209EC10, 40001600)
[2026-08-16 16:46:30.822] [warning] [krnl] [t15772] __imp__KeSetPriorityThread STUB
[2026-08-16 16:46:30.825] [debug] [gpu] [t8352] Created a 1280x512 4xMSAA color render target with guest format 0 at EDRAM base 0
[2026-08-16 16:46:30.828] [debug] [gpu] [t8352] Created a 1280x512 4xMSAA depth render target with guest format 0 at EDRAM base 1024
[2026-08-16 16:46:30.828] [debug] [gpu] [t13580] Creating graphics pipeline with VS 6DD9DD041F740550, PS 2B4F1D2C5EDCC366
[2026-08-16 16:46:30.867] [debug] [krnl] [t15772] XamNotifyCreateListener(mask=0x000000000000002f, is_system=0, max_version=0) -> handle=F8000038
[2026-08-16 16:46:30.867] [debug] [krnl] [t15772] XAudioRegisterRenderDriverClient called! callback_ptr=7015FB00 driver_ptr=4000B228
[2026-08-16 16:46:30.867] [debug] [apu] [t15772] AudioSystem::RegisterClient: callback=92195CD8 callback_arg=4000999C
[2026-08-16 16:46:30.867] [debug] [apu] [t15772] AudioSystem::RegisterClient: using client index=0 queued_frames=8
[2026-08-16 16:46:30.969] [debug] [apu] [t16164] SDLCallback: no frames queued (silence)
[2026-08-16 16:46:30.969] [debug] [apu] [t16164] SDLCallback: no frames queued (silence)
[2026-08-16 16:46:30.977] [debug] [apu] [t16164] SDLCallback: no frames queued (silence)
[2026-08-16 16:46:30.977] [debug] [apu] [t16164] SDLCallback: no frames queued (silence)
[2026-08-16 16:46:30.988] [debug] [apu] [t16164] SDLCallback: no frames queued (silence)
[2026-08-16 16:46:30.988] [debug] [apu] [t16164] SDLCallback: no frames queued (silence)
[2026-08-16 16:46:30.997] [debug] [apu] [t16164] SDLCallback: no frames queued (silence)
[2026-08-16 16:46:30.997] [debug] [apu] [t16164] SDLCallback: no frames queued (silence)
[2026-08-16 16:46:31.007] [debug] [apu] [t16164] SDLCallback: no frames queued (silence)
[2026-08-16 16:46:31.007] [debug] [apu] [t16164] SDLCallback: no frames queued (silence)
[2026-08-16 16:46:31.012] [warning] [krnl] [t15772] [NtCreateFile] FAILED: path='game:\en_HexicHDLoading.swf' -> 0xc000000f
[2026-08-16 16:46:31.041] [warning] [krnl] [t6896] [NtCreateFile] FAILED: path='game:\en_HexicDeluxe.swf' -> 0xc000000f
[2026-08-16 16:46:31.062] [debug] [gpu] [t13484] Creating graphics pipeline with VS 29B0AF926814154D, PS 18F806CFDAD88128
[2026-08-16 16:46:31.098] [debug] [apu] [t7908] AudioWorker: dispatching callback 92195CD8 with arg 30033000 for client 0
[2026-08-16 16:46:31.098] [debug] [krnl] [t7908] XAudioSubmitRenderDriverFrame: driver=41550000 samples=40009A10
[2026-08-16 16:46:31.098] [debug] [apu] [t7908] AudioSystem::SubmitFrame called: index=0 samples_ptr=40009A10
[2026-08-16 16:46:31.098] [debug] [apu] [t7908] SDLAudioDriver::SubmitFrame: frame_ptr=40009A10 queued_count=1
[2026-08-16 16:46:31.098] [debug] [apu] [t7908] AudioWorker: callback returned for client 0
[2026-08-16 16:46:31.098] [debug] [apu] [t7908] AudioWorker: dispatching callback 92195CD8 with arg 30033000 for client 0
[2026-08-16 16:46:31.098] [debug] [krnl] [t7908] XAudioSubmitRenderDriverFrame: driver=41550000 samples=40009A10
[2026-08-16 16:46:31.098] [debug] [apu] [t7908] AudioSystem::SubmitFrame called: index=0 samples_ptr=40009A10
[2026-08-16 16:46:31.098] [debug] [apu] [t7908] SDLAudioDriver::SubmitFrame: frame_ptr=40009A10 queued_count=2
[2026-08-16 16:46:31.098] [debug] [apu] [t7908] AudioWorker: callback returned for client 0
[2026-08-16 16:46:31.098] [debug] [apu] [t7908] AudioWorker: dispatching callback 92195CD8 with arg 30033000 for client 0
[2026-08-16 16:46:31.098] [debug] [krnl] [t7908] XAudioSubmitRenderDriverFrame: driver=41550000 samples=40009A10
[2026-08-16 16:46:31.098] [debug] [apu] [t7908] AudioSystem::SubmitFrame called: index=0 samples_ptr=40009A10
[2026-08-16 16:46:31.098] [debug] [apu] [t7908] SDLAudioDriver::SubmitFrame: frame_ptr=40009A10 queued_count=3
[2026-08-16 16:46:31.098] [debug] [apu] [t7908] AudioWorker: callback returned for client 0
[2026-08-16 16:46:31.098] [debug] [apu] [t7908] AudioWorker: dispatching callback 92195CD8 with arg 30033000 for client 0
[2026-08-16 16:46:31.098] [debug] [krnl] [t7908] XAudioSubmitRenderDriverFrame: driver=41550000 samples=40009A10
[2026-08-16 16:46:31.098] [debug] [apu] [t7908] AudioSystem::SubmitFrame called: index=0 samples_ptr=40009A10
[2026-08-16 16:46:31.098] [debug] [apu] [t7908] SDLAudioDriver::SubmitFrame: frame_ptr=40009A10 queued_count=4
[2026-08-16 16:46:31.098] [debug] [apu] [t7908] AudioWorker: callback returned for client 0
[2026-08-16 16:46:31.098] [debug] [apu] [t7908] AudioWorker: dispatching callback 92195CD8 with arg 30033000 for client 0
[2026-08-16 16:46:31.098] [debug] [krnl] [t7908] XAudioSubmitRenderDriverFrame: driver=41550000 samples=40009A10
[2026-08-16 16:46:31.098] [debug] [apu] [t7908] AudioSystem::SubmitFrame called: index=0 samples_ptr=40009A10
[2026-08-16 16:46:31.098] [debug] [apu] [t7908] SDLAudioDriver::SubmitFrame: frame_ptr=40009A10 queued_count=5
[2026-08-16 16:46:31.098] [debug] [apu] [t7908] AudioWorker: callback returned for client 0
[2026-08-16 16:46:31.098] [debug] [apu] [t7908] AudioWorker: dispatching callback 92195CD8 with arg 30033000 for client 0
[2026-08-16 16:46:31.098] [debug] [krnl] [t7908] XAudioSubmitRenderDriverFrame: driver=41550000 samples=40009A10
[2026-08-16 16:46:31.098] [debug] [apu] [t7908] AudioSystem::SubmitFrame called: index=0 samples_ptr=40009A10
[2026-08-16 16:46:31.098] [debug] [apu] [t7908] SDLAudioDriver::SubmitFrame: frame_ptr=40009A10 queued_count=6
[2026-08-16 16:46:31.098] [debug] [apu] [t7908] AudioWorker: callback returned for client 0
[2026-08-16 16:46:31.098] [debug] [apu] [t7908] AudioWorker: dispatching callback 92195CD8 with arg 30033000 for client 0
[2026-08-16 16:46:31.098] [debug] [krnl] [t7908] XAudioSubmitRenderDriverFrame: driver=41550000 samples=40009A10
[2026-08-16 16:46:31.098] [debug] [apu] [t7908] AudioSystem::SubmitFrame called: index=0 samples_ptr=40009A10
[2026-08-16 16:46:31.098] [debug] [apu] [t7908] SDLAudioDriver::SubmitFrame: frame_ptr=40009A10 queued_count=7
[2026-08-16 16:46:31.098] [debug] [apu] [t7908] AudioWorker: callback returned for client 0
[2026-08-16 16:46:31.098] [debug] [apu] [t7908] AudioWorker: dispatching callback 92195CD8 with arg 30033000 for client 0
[2026-08-16 16:46:31.098] [debug] [krnl] [t7908] XAudioSubmitRenderDriverFrame: driver=41550000 samples=40009A10
[2026-08-16 16:46:31.098] [debug] [apu] [t7908] AudioSystem::SubmitFrame called: index=0 samples_ptr=40009A10
[2026-08-16 16:46:31.098] [debug] [apu] [t7908] SDLAudioDriver::SubmitFrame: frame_ptr=40009A10 queued_count=8
[2026-08-16 16:46:31.098] [debug] [apu] [t7908] AudioWorker: callback returned for client 0
[2026-08-16 16:46:31.108] [debug] [apu] [t7908] AudioWorker: dispatching callback 92195CD8 with arg 30033000 for client 0
[2026-08-16 16:46:31.108] [debug] [krnl] [t7908] XAudioSubmitRenderDriverFrame: driver=41550000 samples=40009A10
[2026-08-16 16:46:31.108] [debug] [apu] [t7908] AudioSystem::SubmitFrame called: index=0 samples_ptr=40009A10
[2026-08-16 16:46:31.108] [debug] [apu] [t7908] SDLAudioDriver::SubmitFrame: frame_ptr=40009A10 queued_count=7
[2026-08-16 16:46:31.108] [debug] [apu] [t7908] AudioWorker: callback returned for client 0
[2026-08-16 16:46:31.108] [debug] [apu] [t7908] AudioWorker: dispatching callback 92195CD8 with arg 30033000 for client 0
[2026-08-16 16:46:31.108] [debug] [krnl] [t7908] XAudioSubmitRenderDriverFrame: driver=41550000 samples=40009A10
[2026-08-16 16:46:31.108] [debug] [apu] [t7908] AudioSystem::SubmitFrame called: index=0 samples_ptr=40009A10
[2026-08-16 16:46:31.108] [debug] [apu] [t7908] SDLAudioDriver::SubmitFrame: frame_ptr=40009A10 queued_count=8
[2026-08-16 16:46:31.108] [debug] [apu] [t7908] AudioWorker: callback returned for client 0
[2026-08-16 16:46:32.925] [warning] [krnl] [t6896] [NtCreateFile] FAILED: path='game:\en_g.xml' -> 0xc000000f
[2026-08-16 16:46:32.934] [warning] [krnl] [t6896] [NtCreateFile] FAILED: path='game:\en_KeyMap_HXIC.xml' -> 0xc000000f
