[2026-08-16 16:59:53.566] [info] [core] [t6264] hexic_hd starting
[2026-08-16 16:59:53.567] [info] [core] [t6264]   Game directory: C:\Users\AleemB\Downloads\Hexic_HD_Extraido
[2026-08-16 16:59:53.567] [info] [core] [t6264]   User data:      C:\Users\AleemB\Documents\hexic_hd
[2026-08-16 16:59:53.567] [info] [core] [t6264]   Cache root:     C:\Users\AleemB\Documents\hexic_hd\cache
[2026-08-16 16:59:53.568] [info] [sys] [t6264] GPU plugin 'xenos' loaded (rexgpu-xenosrd.dll)
[2026-08-16 16:59:53.603] [info] [gpu] [t6264] DXGI adapter: AMD Radeon(TM) Graphics (vendor 0x1002, device 0x1638)
[2026-08-16 16:59:53.679] [info] [gpu] [t6264] Direct3D 12 device and OS features:
* Max GPU virtual address bits per resource: 44
* Non-zeroed heap creation: yes
* Pixel-shader-specified stencil reference: yes
* Programmable sample positions: tier 2
* Rasterizer-ordered views: yes
* Resource binding: tier 3
* Tiled resources: tier 3
* Unaligned block-compressed textures: yes
[2026-08-16 16:59:53.760] [info] [sys] [t6264] FunctionDispatcher initialized
[2026-08-16 16:59:53.760] [info] [core] [t6264] SDL: Using version 3.5.0
[2026-08-16 16:59:53.760] [info] [core] [t6264] MnK input driver initialized
[2026-08-16 16:59:53.760] [info] [sys] [t6264] Input system initialized
[2026-08-16 16:59:53.794] [info] [sys] [t6264] Audio system initialized
[2026-08-16 16:59:53.794] [info] [sys] [t8944] XThread::Execute thid 1 (handle=F8000010, 'XMA Decoder (F8000010)', native=000022F0, <host>)
[2026-08-16 16:59:53.794] [info] [sys] [t6988] XThread::Execute thid 2 (handle=F8000014, 'Audio Worker (F8000014)', native=00001B4C, <host>)
[2026-08-16 16:59:53.794] [info] [sys] [t6264]   Mounted C:\Users\AleemB\Downloads\Hexic_HD_Extraido at \Device\Harddisk0\Partition1
[2026-08-16 16:59:53.795] [info] [sys] [t12848] XThread::Execute thid 3 (handle=F8000018, 'GPU Commands (F8000018)', native=00003230, <host>)
[2026-08-16 16:59:53.795] [info] [sys] [t6264] GPU system initialized (presentation=true)
[2026-08-16 16:59:53.795] [info] [sys] [t6264] Runtime initialized successfully
[2026-08-16 16:59:53.796] [info] [sys] [t8704] XThread::Execute thid 4 (handle=F800001C, 'GPU VSync (F800001C)', native=00002200, <host>)
[2026-08-16 16:59:53.796] [info] [core] [t6264] Function table initialized for module: code=9204E000-9224F91C, image=92000000-922A5000
[2026-08-16 16:59:53.822] [warning] [core] [t6264] SDL GameControllerDB: file 'gamecontrollerdb.txt' does not exist.
[2026-08-16 16:59:53.822] [info] [core] [t6264] SDL input driver initialized successfully
[2026-08-16 16:59:53.822] [info] [sys] [t6264] Loading XEX image: game:\default.xex
[2026-08-16 16:59:53.844] [info] [sys] [t6264] Achievement store: loaded 12 entries
[2026-08-16 16:59:53.844] [info] [sys] [t7836] XThread::Execute thid 5 (handle=F8000024, 'Kernel Dispatch (F8000024)', native=00001E9C, <host>)
[2026-08-16 16:59:53.848] [info] [sys] [t6264] KernelState: Preparing module launch...
[2026-08-16 16:59:53.848] [info] [core] [t6264] Initializing shader storage for title 584107D1...
[2026-08-16 16:59:53.850] [info] [gpu] [t12848] Translated 4 shaders from the storage in 0 milliseconds
[2026-08-16 16:59:53.852] [info] [gpu] [t12848] Created 2 graphics pipelines (not including reading the descriptions) from the storage in 1 milliseconds
[2026-08-16 16:59:53.854] [info] [gpu] [t5264] SetInterruptCallback(9209EC10, 40001600)
[2026-08-16 16:59:53.855] [warning] [krnl] [t5264] __imp__KeSetPriorityThread STUB
